2026-08-22 20:13:02,997 - INFO - 系統啟動
2026-08-22 20:13:03,000 - INFO - 使用者登入成功
2026-08-22 20:13:03,000 - WARNING - API 回應速度過慢
2026-08-22 20:13:03,000 - ERROR - 資料庫連線失敗
2026-08-22 20:13:03,000 - CRITICAL - 系統無法打開
2026-08-22 20:16:11,299 - INFO - 系統啟動
2026-08-22 20:16:11,299 - INFO - 使用者登入成功
2026-08-22 20:16:11,299 - WARNING - API 回應速度過慢
2026-08-22 20:16:11,299 - ERROR - 資料庫連線失敗
2026-08-22 20:16:11,300 - CRITICAL - 系統無法打開
2026-08-22 20:16:47,808 - INFO - 系統啟動
2026-08-22 20:16:47,808 - INFO - 使用者登入成功
2026-08-22 20:16:47,808 - WARNING - API 回應速度過慢
2026-08-22 20:16:47,809 - ERROR - 資料庫連線失敗
2026-08-22 20:16:47,809 - CRITICAL - 系統無法打開
2026-08-22 20:16:49,791 - INFO - 系統啟動
2026-08-22 20:16:49,791 - INFO - 使用者登入成功
2026-08-22 20:16:49,791 - WARNING - API 回應速度過慢
2026-08-22 20:16:49,791 - ERROR - 資料庫連線失敗
2026-08-22 20:16:49,791 - CRITICAL - 系統無法打開
2026-08-22 20:16:50,672 - INFO - 系統啟動
2026-08-22 20:16:50,672 - INFO - 使用者登入成功
2026-08-22 20:16:50,672 - WARNING - API 回應速度過慢
2026-08-22 20:16:50,672 - ERROR - 資料庫連線失敗
2026-08-22 20:16:50,672 - CRITICAL - 系統無法打開
