2026-08-20 22:14:25,893 - INFO - 系統啟動
2026-08-20 22:14:25,894 - INFO - 使用者登入成功
2026-08-20 22:14:25,894 - WARNING - API 回應速度過慢
2026-08-20 22:14:25,894 - ERROR - 資料庫連線失敗
2026-08-20 22:32:33,004 - INFO - 系統啟動
2026-08-20 22:32:33,005 - INFO - 使用者登入成功
2026-08-20 22:32:33,005 - WARNING - API 回應速度過慢
2026-08-20 22:32:33,005 - ERROR - 資料庫連線失敗
2026-08-20 22:32:51,592 - INFO - 系統啟動
2026-08-20 22:32:51,592 - INFO - 使用者登入成功
2026-08-20 22:32:51,593 - WARNING - API 回應速度過慢
2026-08-20 22:32:51,593 - ERROR - 資料庫連線失敗
2026-08-20 22:33:16,088 - INFO - 系統啟動
2026-08-20 22:33:16,089 - INFO - 使用者登入成功
2026-08-20 22:33:16,089 - WARNING - API 回應速度過慢
2026-08-20 22:33:16,090 - ERROR - 資料庫連線失敗
2026-08-20 22:35:06,380 - INFO - 系統啟動
2026-08-20 22:35:06,380 - INFO - 使用者登入成功
2026-08-20 22:35:06,380 - WARNING - API 回應速度過慢
2026-08-20 22:35:06,380 - ERROR - 資料庫連線失敗
2026-08-22 16:46:50,459 - INFO - 系統啟動
2026-08-22 16:46:50,463 - INFO - 使用者登入成功
2026-08-22 16:46:50,463 - WARNING - API 回應速度過慢
2026-08-22 16:46:50,463 - ERROR - 資料庫連線失敗
2026-08-22 16:46:50,464 - CRITICAL - 系統無法打開
2026-08-22 20:53:47,529 - INFO - 系統啟動
2026-08-22 20:53:47,529 - INFO - 使用者登入成功
2026-08-22 20:53:47,529 - WARNING - API 回應速度過慢
2026-08-22 20:53:47,529 - ERROR - 資料庫連線失敗
2026-08-22 20:53:47,529 - CRITICAL - 系統無法打開
2026-08-22 21:06:34,402 - INFO - 使用者登入成功
2026-08-22 21:06:34,402 - WARNING - API 回應速度過慢
2026-08-22 21:06:34,402 - ERROR - 資料庫連線失敗
2026-08-22 21:06:34,403 - CRITICAL - 核心服務停止
2026-08-22 21:07:47,288 - INFO - 使用者登入成功
2026-08-22 21:07:47,288 - WARNING - API 回應速度過慢
2026-08-22 21:07:47,288 - ERROR - 資料庫連線失敗
2026-08-22 21:07:47,288 - CRITICAL - 核心服務停止
2026-08-22 21:07:55,152 - INFO - 使用者登入成功
2026-08-22 21:07:55,152 - WARNING - API 回應速度過慢
2026-08-22 21:07:55,152 - ERROR - 資料庫連線失敗
2026-08-22 21:07:55,152 - CRITICAL - 核心服務停止
2026-08-22 22:12:32,909 - INFO - 使用者登入成功
2026-08-22 22:12:32,910 - WARNING - API 回應速度過慢
2026-08-22 22:12:32,910 - ERROR - 資料庫連線失敗
2026-08-22 22:12:32,910 - CRITICAL - 核心服務停止
